[
  {
    "CodAs": 1,
    "Descricao": "Assunto 1"
  },
  {
    "CodAs": 2,
    "Descricao": "Assunto 2"
  },
  {
    "CodAs": 3,
    "Descricao": "Assunto 3"
  }
]
