[
  {
    "CodAu": 1,
    "Nome": "Autor 1"
  },
  {
    "CodAu": 2,
    "Nome": "Autor 2"
  },
  {
    "CodAu": 3,
    "Nome": "Autor 3"
  }
]
