{
  "Codl": 5,
  "Titulo": "Novo Livro",
  "Editora": "Editora Nova",
  "Edicao": 1,
  "AnoPublicacao": "2024",
  "Preco": 0.0,
  "Autores": null,
  "Assuntos": null
}
