{
  "Codl": 1,
  "Titulo": "Atualizado",
  "Editora": "Editora",
  "Edicao": 2,
  "AnoPublicacao": "2025",
  "Preco": 0.0,
  "Autores": null,
  "Assuntos": null
}
