{
  "Codl": 10,
  "Titulo": "Livro X",
  "Editora": "Editora X",
  "Edicao": 1,
  "AnoPublicacao": "2023",
  "Preco": 0.0,
  "Autores": null,
  "Assuntos": null
}
